// Jest Snapshot v1, https://goo.gl/fbAQLP

exports[`Container should match the snapshot affliated with it 1`] = `ShallowWrapper {}`;
